******************************************************************************
             TMS320C2000 Linker PC v20.2.1                     
******************************************************************************
>> Linked Mon Jun 29 22:24:35 2020

OUTPUT FILE NAME:   <adc_ex1_soc_software.out>
ENTRY POINT SYMBOL: "code_start"  address: 00000000


MEMORY CONFIGURATION

         name            origin    length      used     unused   attr    fill
----------------------  --------  ---------  --------  --------  ----  --------
PAGE 0:
  BEGIN                 00000000   00000002  00000002  00000000  RWIX
  RAMM0                 00000123   000002dd  00000020  000002bd  RWIX
  RAMLS0                00008000   00000800  00000064  0000079c  RWIX
  RAMLS1                00008800   00000800  00000000  00000800  RWIX
  RAMLS2                00009000   00000800  00000000  00000800  RWIX
  RAMLS3                00009800   00000800  00000000  00000800  RWIX
  RAMLS4                0000a000   00000800  00000000  00000800  RWIX
  RAMD0                 0000b000   00000800  00000800  00000000  RWIX
  RESET                 003fffc0   00000002  00000000  00000002  RWIX

PAGE 1:
  BOOT_RSVD             00000002   00000121  00000000  00000121  RWIX
  RAMM1                 00000400   000003f8  000003f8  00000000  RWIX
  RAMLS5                0000a800   00000800  00000072  0000078e  RWIX
  RAMD1                 0000b800   00000800  00000000  00000800  RWIX
  RAMGS0                0000c000   00001000  00000000  00001000  RWIX
  RAMGS1                0000d000   00001000  00000000  00001000  RWIX
  RAMGS2                0000e000   00001000  00000000  00001000  RWIX
  RAMGS3                0000f000   00001000  00000000  00001000  RWIX
  RAMGS4                00010000   00001000  00000000  00001000  RWIX
  RAMGS5                00011000   00001000  00000000  00001000  RWIX
  RAMGS6                00012000   00001000  00000000  00001000  RWIX
  RAMGS7                00013000   00000ff8  00000000  00000ff8  RWIX
  CANA_MSG_RAM          00049000   00000800  00000000  00000800  RWIX
  CANB_MSG_RAM          0004b000   00000800  00000000  00000800  RWIX


SECTION ALLOCATION MAP

 output                                  attributes/
section   page    origin      length       input sections
--------  ----  ----------  ----------   ----------------
codestart 
*          0    00000000    00000002     
                  00000000    00000002     F2807x_CodeStartBranch.obj (codestart)

.cinit     0    00000128    0000001c     
                  00000128    00000009     (.cinit..data.load) [load image, compression = lzss]
                  00000131    00000001     --HOLE-- [fill = 0]
                  00000132    00000006     (__TI_handler_table)
                  00000138    00000004     (.cinit..bss.load) [load image, compression = zero_init]
                  0000013c    00000008     (__TI_cinit_table)

.reset     0    003fffc0    00000000     DSECT

.stack     1    00000400    000003f8     UNINITIALIZED
                  00000400    000003f8     --HOLE--

.bss       1    0000a86e    00000004     UNINITIALIZED
                  0000a86e    00000004     adc_ex1_soc_software.obj (.bss)

.init_array 
*          0    00000123    00000000     UNINITIALIZED

.const     1    0000a800    0000005e     
                  0000a800    0000005e     driverlib_eabi.lib : sysctl.obj (.const:.string)

.data      1    0000a85e    00000010     UNINITIALIZED
                  0000a85e    00000006     device.obj (.data)
                  0000a864    00000006     rts2800_fpu32_eabi.lib : exit.c.obj (.data)
                  0000a86a    00000002                            : _lock.c.obj (.data:_lock)
                  0000a86c    00000002                            : _lock.c.obj (.data:_unlock)

.TI.ramfunc 
*          0    00000123    00000004     
                  00000123    00000004     driverlib_eabi.lib : sysctl.obj (.TI.ramfunc)

.text.1    0    00008000    00000064     
                  00008000    00000017     rts2800_fpu32_eabi.lib : boot28.asm.obj (.text)
                  00008017    0000000d     driverlib_eabi.lib : interrupt.obj (.text:Interrupt_disableMaster)
                  00008024    0000000d     rts2800_fpu32_eabi.lib : copy_zero_init.c.obj (.text:decompress:ZI:__TI_zero_init_nomemset)
                  00008031    0000000c                            : args_main.c.obj (.text)
                  0000803d    0000000b     driverlib_eabi.lib : sysctl.obj (.text:SysCtl_isMCDClockFailureDetected)
                  00008048    00000009                        : sysctl.obj (.text:SysCtl_serviceWatchdog)
                  00008051    00000009     rts2800_fpu32_eabi.lib : _lock.c.obj (.text)
                  0000805a    00000008                            : copy_decompress_none.c.obj (.text:decompress:none)
                  00008062    00000002                            : pre_init.c.obj (.text)

.text.2    0    0000b000    00000800     
                  0000b000    0000021f     driverlib_eabi.lib : sysctl.obj (.text:SysCtl_setClock)
                  0000b21f    00000214     device.obj (.text)
                  0000b433    0000016d     adc_ex1_soc_software.obj (.text)
                  0000b5a0    00000088     rts2800_fpu32_eabi.lib : fs_div28.asm.obj (.text)
                  0000b628    00000068     driverlib_eabi.lib : sysctl.obj (.text:SysCtl_getDeviceParametric)
                  0000b690    0000005e                        : sysctl.obj (.text:SysCtl_selectOscSource)
                  0000b6ee    0000003d                        : interrupt.obj (.text:Interrupt_initModule)
                  0000b72b    00000031     rts2800_fpu32_eabi.lib : copy_decompress_lzss.c.obj (.text:decompress:lzss)
                  0000b75c    0000002b                            : autoinit.c.obj (.text:__TI_auto_init_nobinit_nopinit)
                  0000b787    00000029                            : exit.c.obj (.text)
                  0000b7b0    00000020     driverlib_eabi.lib : interrupt.obj (.text:Interrupt_initVectorTable)
                  0000b7d0    0000001d     rts2800_fpu32_eabi.lib : memcpy.c.obj (.text)
                  0000b7ed    0000000e     driverlib_eabi.lib : interrupt.obj (.text:Interrupt_defaultHandler)
                  0000b7fb    00000002                        : interrupt.obj (.text:Interrupt_illegalOperationHandler)
                  0000b7fd    00000002                        : interrupt.obj (.text:Interrupt_nmiHandler)
                  0000b7ff    00000001     rts2800_fpu32_eabi.lib : startup.c.obj (.text)

MODULE SUMMARY

       Module                       code   ro data   rw data
       ------                       ----   -------   -------
    .\
       adc_ex1_soc_software.obj     365    0         4      
    +--+----------------------------+------+---------+---------+
       Total:                       365    0         4      
                                                            
    .\device\
       device.obj                   532    0         6      
       F2807x_CodeStartBranch.obj   2      0         0      
    +--+----------------------------+------+---------+---------+
       Total:                       534    0         6      
                                                            
    C:\ti\C2000Ware_3_02_00_00_Software\driverlib\f2807x\driverlib\ccs\Debug\driverlib_eabi.lib
       sysctl.obj                   765    94        0      
       interrupt.obj                124    0         0      
    +--+----------------------------+------+---------+---------+
       Total:                       889    94        0      
                                                            
    I:\Program Files\ti\ccs1010\ccs\tools\compiler\ti-cgt-c2000_20.2.1.LTS\lib\rts2800_fpu32_eabi.lib
       fs_div28.asm.obj             136    0         0      
       copy_decompress_lzss.c.obj   49     0         0      
       exit.c.obj                   41     0         6      
       autoinit.c.obj               43     0         0      
       memcpy.c.obj                 29     0         0      
       boot28.asm.obj               23     0         0      
       _lock.c.obj                  9      0         4      
       copy_zero_init.c.obj         13     0         0      
       args_main.c.obj              12     0         0      
       copy_decompress_none.c.obj   8      0         0      
       pre_init.c.obj               2      0         0      
       startup.c.obj                1      0         0      
    +--+----------------------------+------+---------+---------+
       Total:                       366    0         10     
                                                            
       Stack:                       0      0         1016   
       Linker Generated:            0      27        0      
    +--+----------------------------+------+---------+---------+
       Grand Total:                 2154   121       1036   


LINKER GENERATED COPY TABLES

__TI_cinit_table @ 0000013c records: 2, size/record: 4, table size: 8
	.data: load addr=00000128, load size=00000009 bytes, run addr=0000a85e, run size=00000010 bytes, compression=lzss
	.bss: load addr=00000138, load size=00000004 bytes, run addr=0000a86e, run size=00000004 bytes, compression=zero_init


LINKER GENERATED HANDLER TABLE

__TI_handler_table @ 00000132 records: 3, size/record: 2, table size: 6
	index: 0, handler: __TI_zero_init
	index: 1, handler: __TI_decompress_lzss
	index: 2, handler: __TI_decompress_none


GLOBAL DATA SYMBOLS: SORTED BY DATA PAGE

address     data page           name
--------    ----------------    ----
00000400      10 (00000400)     __stack

0000a85e     2a1 (0000a840)     Example_Result
0000a860     2a1 (0000a840)     Example_PassCount
0000a862     2a1 (0000a840)     Example_Fail
0000a864     2a1 (0000a840)     __TI_enable_exit_profile_output
0000a866     2a1 (0000a840)     __TI_cleanup_ptr
0000a868     2a1 (0000a840)     __TI_dtors_ptr
0000a86a     2a1 (0000a840)     _lock
0000a86c     2a1 (0000a840)     _unlock
0000a86e     2a1 (0000a840)     adcAResult0
0000a86f     2a1 (0000a840)     adcAResult1
0000a870     2a1 (0000a840)     adcBResult0
0000a871     2a1 (0000a840)     adcBResult1


GLOBAL SYMBOLS: SORTED ALPHABETICALLY BY Name 

page  address   name                                     
----  -------   ----                                     
0     0000b787  C$$EXIT                                  
0     0000b3fc  Device_configureTMXAnalogTrim            
0     0000b2ab  Device_enableAllPeripherals              
0     0000b3e6  Device_enableUnbondedGPIOPullups         
0     0000b3c3  Device_enableUnbondedGPIOPullupsFor100Pin
0     0000b3ac  Device_enableUnbondedGPIOPullupsFor176Pin
0     0000b28d  Device_init                              
0     0000b38b  Device_initGPIO                          
1     0000a862  Example_Fail                             
1     0000a860  Example_PassCount                        
1     0000a85e  Example_Result                           
0     0000b432  Example_done                             
0     0000b42d  Example_setResultFail                    
0     0000b428  Example_setResultPass                    
0     0000b6ee  Interrupt_initModule                     
0     0000b7b0  Interrupt_initVectorTable                
0     00000123  SysCtl_delay                             
0     0000b628  SysCtl_getDeviceParametric               
0     0000b690  SysCtl_selectOscSource                   
0     0000b000  SysCtl_setClock                          
0     0000013c  __TI_CINIT_Base                          
0     00000144  __TI_CINIT_Limit                         
0     00000132  __TI_Handler_Table_Base                  
0     00000138  __TI_Handler_Table_Limit                 
1     000007f8  __TI_STACK_END                           
abs   000003f8  __TI_STACK_SIZE                          
0     0000b75c  __TI_auto_init_nobinit_nopinit           
1     0000a866  __TI_cleanup_ptr                         
0     0000b72b  __TI_decompress_lzss                     
0     0000805a  __TI_decompress_none                     
1     0000a868  __TI_dtors_ptr                           
1     0000a864  __TI_enable_exit_profile_output          
abs   ffffffff  __TI_pprof_out_hndl                      
abs   ffffffff  __TI_prof_data_size                      
abs   ffffffff  __TI_prof_data_start                     
0     00008024  __TI_zero_init_nomemset                  
0     0000b5a0  __c28xabi_divf                           
n/a   UNDEFED   __c_args__                               
0     0000b421  __error__                                
1     00000400  __stack                                  
0     00008031  _args_main                               
0     00008000  _c_int00                                 
1     0000a86a  _lock                                    
0     00008059  _nop                                     
0     00008055  _register_lock                           
0     00008051  _register_unlock                         
0     0000b7ff  _system_post_cinit                       
0     00008062  _system_pre_init                         
1     0000a86c  _unlock                                  
0     0000b787  abort                                    
1     0000a86e  adcAResult0                              
1     0000a86f  adcAResult1                              
1     0000a870  adcBResult0                              
1     0000a871  adcBResult1                              
0     00000000  code_start                               
0     0000b789  exit                                     
0     0000b557  initADCSOCs                              
0     0000b52f  initADCs                                 
0     0000b4d8  main                                     
0     0000b7d0  memcpy                                   


GLOBAL SYMBOLS: SORTED BY Symbol Address 

page  address   name                                     
----  -------   ----                                     
0     00000000  code_start                               
0     00000123  SysCtl_delay                             
0     00000132  __TI_Handler_Table_Base                  
0     00000138  __TI_Handler_Table_Limit                 
0     0000013c  __TI_CINIT_Base                          
0     00000144  __TI_CINIT_Limit                         
0     00008000  _c_int00                                 
0     00008024  __TI_zero_init_nomemset                  
0     00008031  _args_main                               
0     00008051  _register_unlock                         
0     00008055  _register_lock                           
0     00008059  _nop                                     
0     0000805a  __TI_decompress_none                     
0     00008062  _system_pre_init                         
0     0000b000  SysCtl_setClock                          
0     0000b28d  Device_init                              
0     0000b2ab  Device_enableAllPeripherals              
0     0000b38b  Device_initGPIO                          
0     0000b3ac  Device_enableUnbondedGPIOPullupsFor176Pin
0     0000b3c3  Device_enableUnbondedGPIOPullupsFor100Pin
0     0000b3e6  Device_enableUnbondedGPIOPullups         
0     0000b3fc  Device_configureTMXAnalogTrim            
0     0000b421  __error__                                
0     0000b428  Example_setResultPass                    
0     0000b42d  Example_setResultFail                    
0     0000b432  Example_done                             
0     0000b4d8  main                                     
0     0000b52f  initADCs                                 
0     0000b557  initADCSOCs                              
0     0000b5a0  __c28xabi_divf                           
0     0000b628  SysCtl_getDeviceParametric               
0     0000b690  SysCtl_selectOscSource                   
0     0000b6ee  Interrupt_initModule                     
0     0000b72b  __TI_decompress_lzss                     
0     0000b75c  __TI_auto_init_nobinit_nopinit           
0     0000b787  C$$EXIT                                  
0     0000b787  abort                                    
0     0000b789  exit                                     
0     0000b7b0  Interrupt_initVectorTable                
0     0000b7d0  memcpy                                   
0     0000b7ff  _system_post_cinit                       
1     00000400  __stack                                  
1     000007f8  __TI_STACK_END                           
1     0000a85e  Example_Result                           
1     0000a860  Example_PassCount                        
1     0000a862  Example_Fail                             
1     0000a864  __TI_enable_exit_profile_output          
1     0000a866  __TI_cleanup_ptr                         
1     0000a868  __TI_dtors_ptr                           
1     0000a86a  _lock                                    
1     0000a86c  _unlock                                  
1     0000a86e  adcAResult0                              
1     0000a86f  adcAResult1                              
1     0000a870  adcBResult0                              
1     0000a871  adcBResult1                              
abs   000003f8  __TI_STACK_SIZE                          
abs   ffffffff  __TI_pprof_out_hndl                      
abs   ffffffff  __TI_prof_data_size                      
abs   ffffffff  __TI_prof_data_start                     
n/a   UNDEFED   __c_args__                               

[60 symbols]
